---
source: crates/pi/src/modes/interactive/tests.rs
expression: triple_plain(&state)
---
===== width 20 =====
  pi v0.1.0  •      
  type a message    
  to begin          
  ↳ steer:          
  remember to add   
  tests             
  → queued: now     
  run clippy        
  → queued: then    
  commit            
  all queued        
  follow-ups will   
  send after this   
  turn              
                    
  ⠋ Working… · esc  
  to cancel         
❯ Type a message…   
~/projects/pi (main)
• refactor          
1.2k in · 567 out · 
$0.012 · 42% of 200k
(auto)              
claude-sonnet •     
medium              
                    
                    
                    
                    
                    
                    
                    
                    
                    
                    
                    
                    
                    
                    
                    
                    
                    
                    
                    
                    
                    
                    
                    
                    
                    
                    
                    
                    
                    
                    
                    
                    
                    
                    
                    

===== width 80 =====
  pi v0.1.0  •  type a message to begin                                         
  ↳ steer: remember to add tests                                                
  → queued: now run clippy                                                      
  → queued: then commit                                                         
  all queued follow-ups will send after this turn                               
                                                                                
  ⠋ Working… · esc to cancel                                                    
❯ Type a message…                                                               
~/projects/pi (main) • refactor                                                 
1.2k in · 567 out · $0.012 · 42% of 200k (auto)           claude-sonnet • medium
                                                                                
                                                                                
                                                                                
                                                                                
                                                                                
                                                                                
                                                                                
                                                                                
                                                                                
                                                                                
                                                                                
                                                                                
                                                                                
                                                                                
                                                                                
                                                                                
                                                                                
                                                                                
                                                                                
                                                                                
                                                                                
                                                                                
                                                                                
                                                                                
                                                                                
                                                                                
                                                                                
                                                                                
                                                                                
                                                                                
                                                                                
                                                                                
                                                                                
                                                                                
                                                                                
                                                                                
                                                                                
                                                                                
                                                                                
                                                                                
                                                                                
                                                                                
                                                                                
                                                                                
                                                                                
                                                                                
                                                                                
                                                                                
                                                                                
                                                                                

===== width 160 =====
  pi v0.1.0  •  type a message to begin                                                                                                                         
  ↳ steer: remember to add tests                                                                                                                                
  → queued: now run clippy                                                                                                                                      
  → queued: then commit                                                                                                                                         
  all queued follow-ups will send after this turn                                                                                                               
                                                                                                                                                                
  ⠋ Working… · esc to cancel                                                                                                                                    
❯ Type a message…                                                                                                                                               
~/projects/pi (main) • refactor                                                                                                                                 
1.2k in · 567 out · $0.012 · 42% of 200k (auto)           claude-sonnet • medium
